MSBuild version 17.14.23+b0019275e for .NET Framework

  Checking File Globs
  fmt.vcxproj -> C:\Users\marki\OneDrive\Documents\GDModding\RatedLayouts\build\_deps\fmt-build\RelWithDebInfo\fmt.lib
  GeodeBindings.vcxproj -> C:\Users\marki\OneDrive\Documents\GDModding\RatedLayouts\build\bindings\RelWithDebInfo\GeodeBindings.lib
  asp.vcxproj -> C:\Users\marki\OneDrive\Documents\GDModding\RatedLayouts\build\_deps\asp2-build\RelWithDebInfo\asp.lib
  argon.vcxproj -> C:\Users\marki\OneDrive\Documents\GDModding\RatedLayouts\build\_deps\argon-build\RelWithDebInfo\argon.lib
  CreatorLayer.cpp
C:\Users\marki\OneDrive\Documents\GDModding\RatedLayouts\src\hook\CreatorLayer.cpp(19,43): error C2838: 'Cyan': illegal qualified name in member declaration [C:\Users\marki\OneDrive\Documents\GDModding\RatedLayouts\build\RatedLayouts.vcxproj]
  (compiling source file '../src/hook/CreatorLayer.cpp')
  
C:\Users\marki\OneDrive\Documents\GDModding\RatedLayouts\src\hook\CreatorLayer.cpp(19,43): error C2065: 'Cyan': undeclared identifier [C:\Users\marki\OneDrive\Documents\GDModding\RatedLayouts\build\RatedLayouts.vcxproj]
  (compiling source file '../src/hook/CreatorLayer.cpp')
  
C:\Users\marki\OneDrive\Documents\GDModding\RatedLayouts\src\hook\CreatorLayer.cpp(19,66): error C2838: 'Medium': illegal qualified name in member declaration [C:\Users\marki\OneDrive\Documents\GDModding\RatedLayouts\build\RatedLayouts.vcxproj]
  (compiling source file '../src/hook/CreatorLayer.cpp')
  
C:\Users\marki\OneDrive\Documents\GDModding\RatedLayouts\src\hook\CreatorLayer.cpp(19,66): error C2065: 'Medium': undeclared identifier [C:\Users\marki\OneDrive\Documents\GDModding\RatedLayouts\build\RatedLayouts.vcxproj]
  (compiling source file '../src/hook/CreatorLayer.cpp')
  
C:\Users\marki\OneDrive\Documents\GDModding\RatedLayouts\src\hook\CreatorLayer.cpp(21,9): error C3536: 'lbCircleButton': cannot be used before it is initialized [C:\Users\marki\OneDrive\Documents\GDModding\RatedLayouts\build\RatedLayouts.vcxproj]
  (compiling source file '../src/hook/CreatorLayer.cpp')
  
C:\Users\marki\OneDrive\Documents\GDModding\RatedLayouts\src\hook\CreatorLayer.cpp(22,30): error C3536: 'lbButton': cannot be used before it is initialized [C:\Users\marki\OneDrive\Documents\GDModding\RatedLayouts\build\RatedLayouts.vcxproj]
  (compiling source file '../src/hook/CreatorLayer.cpp')
  
